Group1	Group2	F	Pr(>F)
Factor 1	3 member Monophyletic clade	756 member Monophyletic clade	1396556169365.14	0
Factor 2	3 member Monophyletic clade	753 member Paraphyletic clade	1350827400253.12	0
Factor 3	tip	752 member Paraphyletic clade	1188218915255.64	0
