2e55763e77234a7bfc3a311067a0c7e1	535696cecf56f03d3401d7d6dbe66d7b	0a69950e803a5d9e7166c450e44f43cf	7dd9c9124ec3f118a6cef1f0d422c011	b8afb7bb30b7a9170b7c6dcd40251d54	fc5b641a0b0408d99ddfb2a5ba64da59	e31b5affbe5e23b79a8619589f3b6620	e0472171de6fa02a1f58e392ad3d000e	fc15824cd9e9c29e1319d32843452b54	1b448e00c078f81e49a61933072345d2	9079bfebcce01d4b5c758067b1208c31	c4aad64f84f51ff331b986a67af4ed3d	909755d7142ea53c7f61c97c3586f26c	e737a3a864791ec52f1398d83786f4f2	fd86856409fe6433d719558a30910515	1d2e5f3444ca750c85302ceee2473331	54d098d009b89779530eaf43a1bb136a	fe30ff0f71a38a39cf1717ec2be3a2fc	41735c13fb7f63db49b10fba5d959ce3	ab4ef4399912b0507d8d1187e874684d	4fdf8dcd9451f5742982d716fa9f0536	f352c1f1efecf483511c2270aabd0ae6	3ef461f213bfc675ddf0b1bfeef2dc52	79e9e337b10e2d298bb1b3bde946782d	81351ef6b4d49a3a6b2fc24745d70305	0160e14a78b18b903618f11bc732746e	684721318896ed01048f3502333c214d	f8a71161ac98c5ceafcc75e57ace7230	1f50ac250618ced095a2a5c34bae7651	e8e6b7fc969005938de8ac7ffb94f17c	4c4606a3dbb4f5b8bb1ad1db6dfc5617	a049763053c277b16c2a318f41eb23b4	b685f8246fb6fad0fd91574c444b8f51	6b82e6cb771d45d6c925405b66299d7f	b2866fdca13681232057e3e85a1978cf	db793caa585e078770021a7979ae8ea2	500d6b485cef4c52aad211d6d6e6dbc7	7e598ad34909a3fb8ff1623f1ede11a6	469e4ff2129066178b74b112829fc03c	4ea5683e2c2a183c11c45dc8fbd0c67c	699071a4a7ce68918e4cd93a61275ecd	d29fe3c70564fc0f69f2c03e0d1e5561	9af77e369d2ba4b3bb6e0e808ed84d91	b44621e5c80607cdfacbf7a81e1cbe41	636c27859c1ac0a7994ca8ed145d03fe	d86ef5d6394f5dbeb945f39aa25e7426	5c82bad13c4ebd2ed1bd23a8c2e37fc5	047b7fb62a5e9d2711e639ae1cb1519a	9f718b8f66b79c3de80546ca9a54539c	fba3d9b3872ff9021d66434323fb9565	fcd4f95c05b868060121ff709085bf21	401d7866836c54f3cd18bd0fc814885e	958bc15b660bce0b894665d13f910f5b	67e23140639733766b7e127f50221289	5ada68b9a081358e1a7d5f1d351e656a	1685b25b43eb070cd7655de8c2d8c0a4	e7c8b8c8fced8eead4b767bffe6dd544	997056ba80681bbbdd5d09aa591eadc0	76174505aef45f134d8068d5ad2c42aa	ad41fe8f8be5b01c96549309937e3b14	162ed46308ef9dd1600fb0fe7c90b186	ebe0e9790089ad4f40151cb4a3231a8f	d1d750ce3b00503c204516d27ca0d3b0	cb2fe0146e2fbcb101050edb996a0ee2	29a92aecac56c855cbfc0debf9bda0c8	880968796af86b3d6270c228fe8e7026	3ae3e825c5e3862af6c17798e2b40a37	acfe4c003905a7074aeaf385b78ad9e0	90d32ffe026535b392c0bad850f213c4	bfbed36e63b69fec4627424163d20118	839fafb762395fab1ba257442ec29e7f	6edca9464612efff71d8f97299f01663	3c9c437f27aca05f8db167cd080ff1ec	75258a676bcd7e73c2437d6a2012d490	26b8b1509edf09c438db1634308c3c90	ae27459b7f5465815b1f565d792083ce	ab6b063ed43d8cb3008e157a0a305c47	b3d4d129c955517b446df657236ba5a2	154709e160e8cada6bfb21115acc80f5	4b5eeb300368260019c1fbc7a3c718fc	868528ca947bc57b69ffdf83e6b73bae	0305a4993ecf2d8ef4149fdfc7592603	44ff26d8105cf822417b4b0c4eb27c02	ee0fb26fca3afb05e0b288d6fcab899e	7a5d5e6f85da7ca91daa2d803e8f9279	cdd14cce4ec44b3235923652b71e947e	9118606a87ac19f8d041da20f16f3236	f35ce9c514e1398308f5f84ed50b260f	d8e8459398f3f096775f4298666880a7	f8f937eeee7762f446a0e87292f98eb6	e5c80b4a23b96b2fa35b6da6cac2bf73	26133b4163fdcd22d86f4e04e74154f1	d2613a43f4ed1dda8a673e7fb251ebef	57b34afdff2e84fb9b0befd219edcb38	01e0b7ac306895be84179f2715af269b	e063d1c3c9daf7390e5475e48d9b01c5	052128d7d424728578efe7852b0afd0d	2514cdaab96a1a42cf15506f2ecf6439	e77bac543df42865af751a32a2942fdb	41fedaa9200e2933821f84ecdc0b0772
s1	2.6	253	2.6	2.6	2.6	2.6	2.6	2.6	79	2.6	2.6	2.6	2.6	2.6	2.6	2.6	2.6	5	2.6	2.6	2.6	2.6	35	38	2.6	202	2.6	2.6	2.6	2.6	2.6	2.6	2.6	2.6	2.6	2.6	2.6	2.6	2.6	2.6	2.6	2.6	2.6	2.6	2.6	147	2.6	2.6	2.6	2.6	2.6	2.6	2.6	2.6	2.6	2.6	31	2.6	2.6	2.6	2.6	2.6	2.6	2.6	2.6	2.6	2.6	2.6	616	298	2.6	2.6	2.6	2.6	2.6	2.6	4	38	812	2222	2.6	1198	98	242	2.6	2.6	2.6	2.6	2.6	2.6	2.6	2.6	2.6	555	110	2.6	72	2.6	2.6	91
s2	7.15	62	104	7.15	7.15	7.15	7.15	7.15	40	7.15	7.15	7.15	7.15	7.15	7.15	7.15	7.15	7.15	7.15	7.15	7.15	7.15	7.15	60	7.15	7.15	7.15	7.15	7.15	7.15	7.15	7.15	7.15	7.15	7.15	7.15	7.15	7.15	7.15	7.15	7.15	7.15	7.15	7.15	7.15	243	7.15	7.15	7.15	7.15	11	7.15	7.15	7.15	7.15	7.15	7.15	7.15	7.15	7.15	7.15	7.15	7.15	7.15	44	89	7.15	7.15	7.15	703	7.15	7.15	7.15	7.15	7.15	7.15	126	7.15	1176	7.15	2276	647	195	7.15	62	305	82	7.15	7.15	7.15	7.15	7.15	7.15	7.15	7.15	7.15	7.15	7.15	7.15	48
s3	1.95	260	72	224	108	1.95	1.95	1.95	21	1.95	1.95	1.95	1.95	1.95	1.95	5	1.95	1.95	1.95	1.95	1.95	1.95	1.95	6	1.95	3	1.95	1.95	1.95	1.95	1.95	1.95	1.95	1.95	1.95	1.95	1.95	1.95	1.95	1.95	1.95	1.95	1.95	12	1.95	143	1.95	7	1.95	1.95	1.95	1.95	1.95	1.95	1.95	1.95	1.95	1.95	1.95	1.95	1.95	1.95	1.95	1.95	16	34	1.95	111	65	372	1.95	1.95	1.95	1.95	1.95	1.95	281	1.95	713	1.95	2156	964	235	10	74	476	171	1.95	1.95	1.95	1.95	40	37	1.95	215	1.95	20	1.95	1.95	32
s4	1.3	137	75	386	210	1.3	1.3	1.3	27	1.3	1.3	1.3	1.3	1.3	1.3	1.3	1.3	1.3	1.3	1.3	1.3	1.3	79	1.3	1.3	6	1.3	1.3	1.3	1.3	1.3	1.3	1.3	1.3	1.3	1.3	1.3	1.3	1.3	1.3	1.3	1.3	1.3	2	1.3	95	1.3	1.3	1.3	1.3	1.3	1.3	1.3	1.3	1.3	1.3	1.3	1.3	1.3	1.3	1.3	1.3	1.3	9	19	62	122	62	12	174	1.3	1.3	1.3	1.3	1.3	1.3	295	1.3	407	1.3	1205	919	126	14	58	314	220	1.3	1.3	206	1.3	67	186	1.3	54	1.3	1.3	1.3	1.3	14
